2A. Create version control account on GitHub and using Git commands to create 
repository and push your code to GitHub. 


1) make directory first  mkdir Part-c
2)go into that directory cd Part-c
3)check version  $ git --version
git version 2.47.1.windows.1
4) go to your GitHub account
create repositiory make it public u can add description to it 
5)go to vs code create new file inside part-c as file1.txt
6)write something in it for eg 
Name:Aditya Gawas
Class:TE
Subject:LP_II
7)do git init in the terminal

DELL@DESKTOP-KQ2O39O MINGW64 ~/Desktop/hero1234/Part-c (main)$ git init
Initialized empty Git repository in C:/Users/DELL/Desktop/hero1234/Part-c/.git/

8)do git add . to add all files 

9)do git status to check the status of the files 

DELL@DESKTOP-KQ2O39O MINGW64 ~/Desktop/hero1234/Part-c (master)
$ git add .


DELL@DESKTOP-KQ2O39O MINGW64 ~/Desktop/hero1234/Part-c (master)
$ git status
On branch master

No commits yet

Changes to be committed:
  (use "git rm --cached <file>..." to unstage)
        new file:   file1.txt

10) copy the url from the GitHub repo 

11) do git commit also include message if u want

DELL@DESKTOP-KQ2O39O MINGW64 ~/Desktop/hero1234/Part-c (master)
$ git remote add origin https://github.com/adityagws45/WAD_PRACTICALSS.git

DELL@DESKTOP-KQ2O39O MINGW64 ~/Desktop/hero1234/Part-c (master)
$ git commit -m "this is my commit"
[master (root-commit) ef861eb] this is my commit
 1 file changed, 3 insertions(+)
 create mode 100644 file1.txt

12)chec status 
)
$ git status
On branch master
nothing to commit, working tree clean

13)copy the remaining two commands  from the GitHub 

ELL@DESKTOP-KQ2O39O MINGW64 ~/Desktop/hero1234/Part-c (master)
$ git branch -M main

DELL@DESKTOP-KQ2O39O MINGW64 ~/Desktop/hero1234/Part-c (main)
$ git push -u origin main
Enumerating objects: 3, done.
Counting objects: 100% (3/3), done.
Writing objects: 100% (3/3), 255 bytes | 255.00 KiB/s, done.
Total 3 (delta 0), reused 0 (delta 0), pack-reused 0 (from 0)
To https://github.com/adityagws45/WAD_PRACTICALSS.git
 * [new branch]      main -> main
branch 'main' set up to track 'origin/main'.






after git commit -m "any message"
if promoted to authenticate the user type following commands;
git config --global user.email "your GitHub email id"
git config --global user.name "your GitHub user name"


then rrest 
git push -u origin master






#steps for ubuntu

✅ Objective:
Create a GitHub account, set up Git on Ubuntu, create a local repository, add a file, and push the code to your GitHub repository.

🔧 Pre-requisites:
You must have a GitHub account (https://github.com)

Git should be installed on your Ubuntu system.

🔁 Steps to Follow on Ubuntu
Step 1: Install Git (if not already installed)
bash
Copy
Edit
sudo apt update
sudo apt install git
Step 2: Check Git Version
bash
Copy
Edit
git --version
✅ Output will be something like: git version 2.34.1

Step 3: Create a Working Directory
bash
Copy
Edit
mkdir Part-c
cd Part-c
Step 4: Create a File
You can use any text editor. Let’s use nano:

bash
Copy
Edit
nano file1.txt
➡️ Type the following content:

makefile
Copy
Edit
Name: Aditya Gawas
Class: TE
Subject: LP_II
Then press CTRL + O to save, and CTRL + X to exit.

Step 5: Initialize Git
bash
Copy
Edit
git init
✅ Output: Initialized empty Git repository in /home/yourusername/Part-c/.git/

Step 6: Add File to Git
bash
Copy
Edit
git add .
Step 7: Check Git Status
bash
Copy
Edit
git status
✅ You should see new file: file1.txt

Step 8: Commit the File
bash
Copy
Edit
git commit -m "Initial commit with file1.txt"
Step 9: Create a Repository on GitHub
Go to https://github.com

Click on New Repository

Name it: WAD_PRACTICALSS (or any name you want)

Keep it Public

Do NOT initialize with a README (important if pushing an existing repo)

Click Create Repository

Step 10: Add Remote URL
bash
Copy
Edit
git remote add origin https://github.com/your-username/WAD_PRACTICALSS.git
➡️ Replace your-username with your GitHub username.

Step 11: Rename the Branch to main
bash
Copy
Edit
git branch -M main
Step 12: Push to GitHub
bash
Copy
Edit
git push -u origin main
📌 If you’re prompted for your GitHub login, do the following:

Use GitHub Personal Access Token (PAT) instead of password. [Since August 2021, passwords are no longer accepted.]

Step 13 (Optional): Configure Git User Info (if prompted)
If Git asks for user info or errors about identity, set it up:

bash
Copy
Edit
git config --global user.name "Your Full Name"
git config --global user.email "your_email@example.com"
✅ Confirmation:
After pushing, go to your GitHub repo URL, and you should see the file1.txt there!

📌 Quick Summary of Commands on Ubuntu:
bash
Copy
Edit
sudo apt install git
git --version
mkdir Part-c
cd Part-c
nano file1.txt
git init
git add .
git status
git commit -m "Initial commit"
git remote add origin https://github.com/yourusername/yourrepo.git
git branch -M main
git push -u origin main


































dityagawas@adityagawas-VirtualBox:~$ git --version
git version 2.45.2
adityagawas@adityagawas-VirtualBox:~$ mkdir mypractical3
adityagawas@adityagawas-VirtualBox:~$ cd mypractical3
adityagawas@adityagawas-VirtualBox:~/mypractical3$ gedit file1.txt

(gedit:6085): libgedit-gtksourceview-WARNING **: 10:42:56.128: could not load style scheme file '/usr/share/libgedit-gtksourceview-300/styles/Yaru-dark.xml': missing 'version' attribute

(gedit:6085): libgedit-gtksourceview-WARNING **: 10:42:56.129: could not load style scheme file '/usr/share/libgedit-gtksourceview-300/styles/Yaru.xml': missing 'version' attribute
adityagawas@adityagawas-VirtualBox:~/mypractical3$ git init
hint: Using 'master' as the name for the initial branch. This default branch name
hint: is subject to change. To configure the initial branch name to use in all
hint: of your new repositories, which will suppress this warning, call:
hint:
hint: 	git config --global init.defaultBranch <name>
hint:
hint: Names commonly chosen instead of 'master' are 'main', 'trunk' and
hint: 'development'. The just-created branch can be renamed via this command:
hint:
hint: 	git branch -m <name>
Initialized empty Git repository in /home/adityagawas/mypractical3/.git/
adityagawas@adityagawas-VirtualBox:~/mypractical3$ git add .
adityagawas@adityagawas-VirtualBox:~/mypractical3$ git status
On branch master

No commits yet

Changes to be committed:
  (use "git rm --cached <file>..." to unstage)
	new file:   file1.txt

adityagawas@adityagawas-VirtualBox:~/mypractical3$ git commmit -m "Initial commit"
git: 'commmit' is not a git command. See 'git --help'.

The most similar command is
	commit
adityagawas@adityagawas-VirtualBox:~/mypractical3$ git commit -m "Initial commit with file1.txt
> ^C
adityagawas@adityagawas-VirtualBox:~/mypractical3$ git commit -m "Initioal"
[master (root-commit) 31d85a5] Initioal
 1 file changed, 3 insertions(+)
 create mode 100644 file1.txt
adityagawas@adityagawas-VirtualBox:~/mypractical3$ git remote add origin https://github.com/adityagws45/wad1.git
adityagawas@adityagawas-VirtualBox:~/mypractical3$ git branch -M main
adityagawas@adityagawas-VirtualBox:~/mypractical3$ git push -u origin main
Username for 'https://github.com': adityagws45
Password for 'https://adityagws45@github.com': 
remote: Support for password authentication was removed on August 13, 2021.
remote: Please see https://docs.github.com/get-started/getting-started-with-git/about-remote-repositories#cloning-with-https-urls for information on currently recommended modes of authentication.
fatal: Authentication failed for 'https://github.com/adityagws45/wad1.git/'
adityagawas@adityagawas-VirtualBox:~/mypractical3$ git config --global credential.helper store
adityagawas@adityagawas-VirtualBox:~/mypractical3$ git push -u origin main
Username for 'https://github.com': adityagws45
Password for 'https://adityagws45@github.com': 
remote: Support for password authentication was removed on August 13, 2021.
remote: Please see https://docs.github.com/get-started/getting-started-with-git/about-remote-repositories#cloning-with-https-urls for information on currently recommended modes of authentication.
fatal: Authentication failed for 'https://github.com/adityagws45/wad1.git/'
adityagawas@adityagawas-VirtualBox:~/mypractical3$ ^C
adityagawas@adityagawas-VirtualBox:~/mypractical3$ 

